2025-09-25 14:46:02 [main] INFO  c.h.p.PaymentServiceApplication - Starting PaymentServiceApplication using Java 21.0.3 with PID 22088 (C:\Users\srinivasboya\Downloads\HOTEL-MANAGEMENT\payment-service\target\classes started by srinivasboya in C:\Users\srinivasboya\Downloads\HOTEL-MANAGEMENT)
2025-09-25 14:46:02 [main] DEBUG c.h.p.PaymentServiceApplication - Running with Spring Boot v3.5.3, Spring v6.2.8
2025-09-25 14:46:02 [main] INFO  c.h.p.PaymentServiceApplication - The following 1 profile is active: "local"
2025-09-25 14:46:03 [main] INFO  o.s.c.c.c.ConfigServerConfigDataLoader - Fetching config from server at : http://localhost:8888
2025-09-25 14:46:03 [main] INFO  o.s.c.c.c.ConfigServerConfigDataLoader - Located environment: name=payment-service, profiles=[default], label=null, version=null, state=null
2025-09-25 14:46:03 [main] INFO  o.s.c.c.c.ConfigServerConfigDataLoader - Fetching config from server at : http://localhost:8888
2025-09-25 14:46:03 [main] INFO  o.s.c.c.c.ConfigServerConfigDataLoader - Located environment: name=payment-service, profiles=[local], label=null, version=null, state=null
2025-09-25 14:46:05 [main] INFO  o.s.d.r.c.RepositoryConfigurationDelegate - Bootstrapping Spring Data JPA repositories in DEFAULT mode.
2025-09-25 14:46:05 [main] INFO  o.s.d.r.c.RepositoryConfigurationDelegate - Finished Spring Data repository scanning in 320 ms. Found 1 JPA repository interface.
2025-09-25 14:46:07 [main] INFO  o.s.cloud.context.scope.GenericScope - BeanFactory id=c6ae2fde-0eca-3d0e-9785-4c03b12ac8ad
2025-09-25 14:46:08 [main] INFO  o.s.b.w.e.tomcat.TomcatWebServer - Tomcat initialized with port 9005 (http)
2025-09-25 14:46:08 [main] INFO  o.a.catalina.core.StandardService - Starting service [Tomcat]
2025-09-25 14:46:08 [main] INFO  o.a.catalina.core.StandardEngine - Starting Servlet engine: [Apache Tomcat/10.1.42]
2025-09-25 14:46:08 [main] INFO  o.a.c.c.C.[Tomcat].[localhost].[/] - Initializing Spring embedded WebApplicationContext
2025-09-25 14:46:08 [main] INFO  o.s.b.w.s.c.ServletWebServerApplicationContext - Root WebApplicationContext: initialization completed in 5689 ms
2025-09-25 14:46:09 [main] DEBUG o.s.w.f.ServerHttpObservationFilter - Filter 'webMvcObservationFilter' configured for use
2025-09-25 14:46:09 [main] DEBUG o.s.o.j.LocalContainerEntityManagerFactoryBean - Building JPA container EntityManagerFactory for persistence unit 'default'
2025-09-25 14:46:10 [main] INFO  o.h.jpa.internal.util.LogHelper - HHH000204: Processing PersistenceUnitInfo [name: default]
2025-09-25 14:46:10 [main] INFO  org.hibernate.Version - HHH000412: Hibernate ORM core version 6.6.18.Final
2025-09-25 14:46:10 [main] INFO  o.h.c.i.RegionFactoryInitiator - HHH000026: Second-level cache disabled
2025-09-25 14:46:11 [main] INFO  o.s.o.j.p.SpringPersistenceUnitInfo - No LoadTimeWeaver setup: ignoring JPA class transformer
2025-09-25 14:46:11 [main] INFO  com.zaxxer.hikari.HikariDataSource - HikariPool-1 - Starting...
2025-09-25 14:46:12 [main] INFO  com.zaxxer.hikari.pool.HikariPool - HikariPool-1 - Added connection org.postgresql.jdbc.PgConnection@16732340
2025-09-25 14:46:12 [main] INFO  com.zaxxer.hikari.HikariDataSource - HikariPool-1 - Start completed.
2025-09-25 14:46:12 [main] WARN  org.hibernate.orm.deprecation - HHH90000025: PostgreSQLDialect does not need to be specified explicitly using 'hibernate.dialect' (remove the property setting and it will be selected by default)
2025-09-25 14:46:12 [main] INFO  o.hibernate.orm.connections.pooling - HHH10001005: Database info:
	Database JDBC URL [Connecting through datasource 'HikariDataSource (HikariPool-1)']
	Database driver: undefined/unknown
	Database version: 16.2
	Autocommit mode: undefined/unknown
	Isolation level: undefined/unknown
	Minimum pool size: undefined/unknown
	Maximum pool size: undefined/unknown
2025-09-25 14:46:14 [main] INFO  o.h.e.t.j.p.i.JtaPlatformInitiator - HHH000489: No JTA platform available (set 'hibernate.transaction.jta.platform' to enable JTA platform integration)
2025-09-25 14:46:14 [main] INFO  o.hibernate.orm.connections.access - HHH10001501: Connection obtained from JdbcConnectionAccess [org.hibernate.engine.jdbc.env.internal.JdbcEnvironmentInitiator$ConnectionProviderJdbcConnectionAccess@1f40bb80] for (non-JTA) DDL execution was not in auto-commit mode; the Connection 'local transaction' will be committed and the Connection will be set into auto-commit mode.
2025-09-25 14:46:14 [main] INFO  o.s.o.j.LocalContainerEntityManagerFactoryBean - Initialized JPA EntityManagerFactory for persistence unit 'default'
2025-09-25 14:46:14 [main] DEBUG o.s.d.j.r.c.JpaMetamodelMappingContextFactoryBean - Initializing JpaMetamodelMappingContext…
2025-09-25 14:46:15 [main] DEBUG o.s.d.j.r.c.JpaMetamodelMappingContextFactoryBean - Finished initializing JpaMetamodelMappingContext
2025-09-25 14:46:15 [main] DEBUG o.s.d.j.repository.query.NamedQuery - Looking up named query 'Payment.findByExpiresAtBeforeAndStatus'
2025-09-25 14:46:15 [main] DEBUG o.s.d.j.repository.query.NamedQuery - Did not find named query Payment.findByExpiresAtBeforeAndStatus
2025-09-25 14:46:15 [main] DEBUG o.s.d.j.repository.query.NamedQuery - Looking up named query 'Payment.findByHotelId'
2025-09-25 14:46:15 [main] DEBUG o.s.d.j.repository.query.NamedQuery - Did not find named query Payment.findByHotelId
2025-09-25 14:46:15 [main] DEBUG o.s.d.j.repository.query.NamedQuery - Looking up named query 'Payment.findByHotelId'
2025-09-25 14:46:15 [main] DEBUG o.s.d.j.repository.query.NamedQuery - Did not find named query Payment.findByHotelId
2025-09-25 14:46:15 [main] DEBUG o.s.d.j.repository.query.NamedQuery - Did not find named query Payment.findRecentPayments.count
2025-09-25 14:46:15 [main] INFO  o.s.d.j.r.query.QueryEnhancerFactory - Hibernate is in classpath; If applicable, HQL parser will be used.
2025-09-25 14:46:16 [main] DEBUG o.s.d.j.repository.query.NamedQuery - Did not find named query Payment.sumRefundAmount.count
2025-09-25 14:46:16 [main] DEBUG o.s.d.j.repository.query.NamedQuery - Did not find named query Payment.sumAmountByStatus.count
2025-09-25 14:46:16 [main] DEBUG o.s.d.j.repository.query.NamedQuery - Looking up named query 'Payment.findByGatewayName'
2025-09-25 14:46:16 [main] DEBUG o.s.d.j.repository.query.NamedQuery - Did not find named query Payment.findByGatewayName
2025-09-25 14:46:16 [main] DEBUG o.s.d.j.repository.query.NamedQuery - Looking up named query 'Payment.findByStatus'
2025-09-25 14:46:16 [main] DEBUG o.s.d.j.repository.query.NamedQuery - Did not find named query Payment.findByStatus
2025-09-25 14:46:16 [main] DEBUG o.s.d.j.repository.query.NamedQuery - Looking up named query 'Payment.findByStatus'
2025-09-25 14:46:16 [main] DEBUG o.s.d.j.repository.query.NamedQuery - Did not find named query Payment.findByStatus
2025-09-25 14:46:16 [main] DEBUG o.s.d.j.repository.query.NamedQuery - Did not find named query Payment.countByStatus.count
2025-09-25 14:46:16 [main] DEBUG o.s.d.j.repository.query.NamedQuery - Looking up named query 'Payment.findByUserId'
2025-09-25 14:46:16 [main] DEBUG o.s.d.j.repository.query.NamedQuery - Did not find named query Payment.findByUserId
2025-09-25 14:46:16 [main] DEBUG o.s.d.j.repository.query.NamedQuery - Looking up named query 'Payment.findByUserId'
2025-09-25 14:46:16 [main] DEBUG o.s.d.j.repository.query.NamedQuery - Did not find named query Payment.findByUserId
2025-09-25 14:46:16 [main] DEBUG o.s.d.j.repository.query.NamedQuery - Looking up named query 'Payment.findByBookingId'
2025-09-25 14:46:16 [main] DEBUG o.s.d.j.repository.query.NamedQuery - Did not find named query Payment.findByBookingId
2025-09-25 14:46:16 [main] DEBUG o.s.d.j.repository.query.NamedQuery - Looking up named query 'Payment.findByGatewayTransactionId'
2025-09-25 14:46:16 [main] DEBUG o.s.d.j.repository.query.NamedQuery - Did not find named query Payment.findByGatewayTransactionId
2025-09-25 14:46:16 [main] DEBUG o.s.d.j.repository.query.NamedQuery - Looking up named query 'Payment.findByTransactionTypeAndStatus'
2025-09-25 14:46:16 [main] DEBUG o.s.d.j.repository.query.NamedQuery - Did not find named query Payment.findByTransactionTypeAndStatus
2025-09-25 14:46:16 [main] DEBUG o.s.d.j.repository.query.NamedQuery - Looking up named query 'Payment.findByCreatedAtBetweenAndStatus'
2025-09-25 14:46:16 [main] DEBUG o.s.d.j.repository.query.NamedQuery - Did not find named query Payment.findByCreatedAtBetweenAndStatus
2025-09-25 14:46:16 [main] DEBUG o.s.d.j.repository.query.NamedQuery - Looking up named query 'Payment.findByRefundAmountGreaterThan'
2025-09-25 14:46:16 [main] DEBUG o.s.d.j.repository.query.NamedQuery - Did not find named query Payment.findByRefundAmountGreaterThan
2025-09-25 14:46:16 [main] DEBUG o.s.d.j.repository.query.NamedQuery - Looking up named query 'Payment.findByHotelIdOrderByCreatedAtDesc'
2025-09-25 14:46:16 [main] DEBUG o.s.d.j.repository.query.NamedQuery - Did not find named query Payment.findByHotelIdOrderByCreatedAtDesc
2025-09-25 14:46:16 [main] DEBUG o.s.d.j.repository.query.NamedQuery - Did not find named query Payment.findByHotelIdFromHotelTable.count
2025-09-25 14:46:16 [main] DEBUG o.s.d.j.repository.query.NamedQuery - Did not find named query Payment.sumAmountByHotelIdAndStatus.count
2025-09-25 14:46:17 [main] DEBUG o.s.d.j.repository.query.NamedQuery - Looking up named query 'Payment.findByUserIdOrderByCreatedAtDesc'
2025-09-25 14:46:17 [main] DEBUG o.s.d.j.repository.query.NamedQuery - Did not find named query Payment.findByUserIdOrderByCreatedAtDesc
2025-09-25 14:46:17 [main] DEBUG o.s.d.j.repository.query.NamedQuery - Looking up named query 'Payment.findByStatusOrderByCreatedAtDesc'
2025-09-25 14:46:17 [main] DEBUG o.s.d.j.repository.query.NamedQuery - Did not find named query Payment.findByStatusOrderByCreatedAtDesc
2025-09-25 14:46:17 [main] DEBUG o.s.d.j.repository.query.NamedQuery - Looking up named query 'Payment.findByAmountBetweenAndStatus'
2025-09-25 14:46:17 [main] DEBUG o.s.d.j.repository.query.NamedQuery - Did not find named query Payment.findByAmountBetweenAndStatus
2025-09-25 14:46:17 [main] DEBUG o.s.d.j.repository.query.NamedQuery - Looking up named query 'Payment.findByRefundAmountIsNotNull'
2025-09-25 14:46:17 [main] DEBUG o.s.d.j.repository.query.NamedQuery - Did not find named query Payment.findByRefundAmountIsNotNull
2025-09-25 14:46:17 [main] DEBUG o.s.d.j.repository.query.NamedQuery - Looking up named query 'Payment.findByPaymentMethodAndStatus'
2025-09-25 14:46:17 [main] DEBUG o.s.d.j.repository.query.NamedQuery - Did not find named query Payment.findByPaymentMethodAndStatus
2025-09-25 14:46:17 [main] DEBUG o.s.d.j.repository.query.NamedQuery - Did not find named query Payment.sumAmountByUserIdAndStatus.count
2025-09-25 14:46:17 [main] DEBUG o.s.d.j.repository.query.NamedQuery - Looking up named query 'Payment.findByBookingIdAndStatus'
2025-09-25 14:46:17 [main] DEBUG o.s.d.j.repository.query.NamedQuery - Did not find named query Payment.findByBookingIdAndStatus
2025-09-25 14:46:17 [main] DEBUG o.s.d.j.repository.query.NamedQuery - Did not find named query Payment.findPaymentsWithFilters.count
2025-09-25 14:46:17 [main] DEBUG o.s.d.j.repository.query.NamedQuery - Looking up named query 'Payment.findByRefundedAtBetween'
2025-09-25 14:46:17 [main] DEBUG o.s.d.j.repository.query.NamedQuery - Did not find named query Payment.findByRefundedAtBetween
2025-09-25 14:46:17 [main] DEBUG o.s.d.j.repository.query.NamedQuery - Did not find named query Payment.countByHotelIdAndStatus.count
2025-09-25 14:46:17 [main] DEBUG o.s.d.j.repository.query.NamedQuery - Did not find named query Payment.sumRefundAmountByHotelId.count
2025-09-25 14:46:17 [main] DEBUG o.s.d.j.repository.query.NamedQuery - Looking up named query 'Payment.findByPaymentReference'
2025-09-25 14:46:17 [main] DEBUG o.s.d.j.repository.query.NamedQuery - Did not find named query Payment.findByPaymentReference
2025-09-25 14:46:17 [main] DEBUG o.s.d.j.repository.query.NamedQuery - Looking up named query 'Payment.findByCreatedAtBetween'
2025-09-25 14:46:17 [main] DEBUG o.s.d.j.repository.query.NamedQuery - Did not find named query Payment.findByCreatedAtBetween
2025-09-25 14:46:17 [main] DEBUG o.s.d.j.repository.query.NamedQuery - Looking up named query 'Payment.findByProcessedAtBetween'
2025-09-25 14:46:17 [main] DEBUG o.s.d.j.repository.query.NamedQuery - Did not find named query Payment.findByProcessedAtBetween
2025-09-25 14:46:17 [main] DEBUG o.s.d.j.repository.query.NamedQuery - Looking up named query 'Payment.findByPaymentMethod'
2025-09-25 14:46:17 [main] DEBUG o.s.d.j.repository.query.NamedQuery - Did not find named query Payment.findByPaymentMethod
2025-09-25 14:46:17 [main] DEBUG o.s.d.j.repository.query.NamedQuery - Looking up named query 'Payment.findByAmountBetween'
2025-09-25 14:46:17 [main] DEBUG o.s.d.j.repository.query.NamedQuery - Did not find named query Payment.findByAmountBetween
2025-09-25 14:46:17 [main] DEBUG o.s.d.j.repository.query.NamedQuery - Looking up named query 'Payment.findByTransactionType'
2025-09-25 14:46:17 [main] DEBUG o.s.d.j.repository.query.NamedQuery - Did not find named query Payment.findByTransactionType
2025-09-25 14:46:17 [main] DEBUG o.s.d.j.repository.query.NamedQuery - Did not find named query Payment.findFailedPaymentsSince.count
2025-09-25 14:46:17 [main] DEBUG o.s.d.j.repository.query.NamedQuery - Looking up named query 'Payment.findByGatewayNameAndStatus'
2025-09-25 14:46:17 [main] DEBUG o.s.d.j.repository.query.NamedQuery - Did not find named query Payment.findByGatewayNameAndStatus
2025-09-25 14:46:17 [main] DEBUG o.s.d.j.repository.query.NamedQuery - Did not find named query Payment.countByUserIdAndStatus.count
2025-09-25 14:46:17 [main] DEBUG o.s.d.j.repository.query.NamedQuery - Looking up named query 'Payment.findByHotelIdAndStatus'
2025-09-25 14:46:17 [main] DEBUG o.s.d.j.repository.query.NamedQuery - Did not find named query Payment.findByHotelIdAndStatus
2025-09-25 14:46:17 [main] DEBUG o.s.d.j.repository.query.NamedQuery - Looking up named query 'Payment.findByUserIdAndStatus'
2025-09-25 14:46:17 [main] DEBUG o.s.d.j.repository.query.NamedQuery - Did not find named query Payment.findByUserIdAndStatus
2025-09-25 14:46:17 [main] DEBUG o.s.d.j.repository.query.NamedQuery - Looking up named query 'Payment.findByBookingIdOrderByCreatedAtDesc'
2025-09-25 14:46:17 [main] DEBUG o.s.d.j.repository.query.NamedQuery - Did not find named query Payment.findByBookingIdOrderByCreatedAtDesc
2025-09-25 14:46:17 [main] WARN  o.s.b.a.o.j.JpaBaseConfiguration$JpaWebConfiguration - spring.jpa.open-in-view is enabled by default. Therefore, database queries may be performed during view rendering. Explicitly configure spring.jpa.open-in-view to disable this warning
2025-09-25 14:46:17 [main] INFO  o.s.c.o.FeignClientFactoryBean - For 'notification-service' URL not provided. Will try picking an instance via load-balancing.
2025-09-25 14:46:18 [main] DEBUG o.s.w.s.m.m.a.RequestMappingHandlerMapping - 53 mappings in 'requestMappingHandlerMapping'
2025-09-25 14:46:18 [main] DEBUG o.s.w.s.h.SimpleUrlHandlerMapping - Patterns [/webjars/**, /**] in 'resourceHandlerMapping'
2025-09-25 14:46:19 [main] DEBUG o.s.w.s.m.m.a.RequestMappingHandlerAdapter - ControllerAdvice beans: 0 @ModelAttribute, 0 @InitBinder, 1 RequestBodyAdvice, 1 ResponseBodyAdvice
2025-09-25 14:46:19 [main] DEBUG o.s.w.s.m.m.a.ExceptionHandlerExceptionResolver - ControllerAdvice beans: 1 @ExceptionHandler, 1 ResponseBodyAdvice
2025-09-25 14:46:19 [main] INFO  o.s.c.n.e.c.DiscoveryClientOptionalArgsConfiguration - Eureka HTTP Client uses RestTemplate.
2025-09-25 14:46:20 [main] WARN  o.s.c.l.c.LoadBalancerCacheAutoConfiguration$LoadBalancerCaffeineWarnLogger - Spring Cloud LoadBalancer is currently working with the default cache. While this cache implementation is useful for development and tests, it's recommended to use Caffeine cache in production.You can switch to using Caffeine cache, by adding it and org.springframework.cache.caffeine.CaffeineCacheManager to the classpath.
2025-09-25 14:46:20 [main] INFO  o.s.b.a.e.web.EndpointLinksResolver - Exposing 17 endpoints beneath base path '/actuator'
2025-09-25 14:46:20 [main] INFO  o.s.c.n.eureka.InstanceInfoFactory - Setting initial instance status as: STARTING
2025-09-25 14:46:20 [main] INFO  c.netflix.discovery.DiscoveryClient - Initializing Eureka in region us-east-1
2025-09-25 14:46:20 [main] INFO  c.n.d.s.r.aws.ConfigClusterResolver - Resolving eureka endpoints via configuration
2025-09-25 14:46:20 [main] INFO  c.netflix.discovery.DiscoveryClient - Disable delta property : false
2025-09-25 14:46:20 [main] INFO  c.netflix.discovery.DiscoveryClient - Single vip registry refresh property : null
2025-09-25 14:46:20 [main] INFO  c.netflix.discovery.DiscoveryClient - Force full registry fetch : false
2025-09-25 14:46:20 [main] INFO  c.netflix.discovery.DiscoveryClient - Application is null : false
2025-09-25 14:46:20 [main] INFO  c.netflix.discovery.DiscoveryClient - Registered Applications size is zero : true
2025-09-25 14:46:20 [main] INFO  c.netflix.discovery.DiscoveryClient - Application version is -1: true
2025-09-25 14:46:20 [main] INFO  c.netflix.discovery.DiscoveryClient - Getting all instance registry info from the eureka server
2025-09-25 14:46:20 [main] DEBUG o.s.web.client.RestTemplate - HTTP GET http://localhost:8761/eureka/apps/
2025-09-25 14:46:20 [main] DEBUG o.s.web.client.RestTemplate - Accept=[application/json, application/*+json]
2025-09-25 14:46:20 [main] DEBUG o.s.web.client.RestTemplate - Response 200 OK
2025-09-25 14:46:20 [main] DEBUG o.s.web.client.RestTemplate - Reading to [org.springframework.cloud.netflix.eureka.http.EurekaApplications]
2025-09-25 14:46:20 [main] INFO  c.netflix.discovery.DiscoveryClient - The response status is 200
2025-09-25 14:46:20 [main] INFO  c.netflix.discovery.DiscoveryClient - Starting heartbeat executor: renew interval is: 30
2025-09-25 14:46:20 [main] INFO  c.n.discovery.InstanceInfoReplicator - InstanceInfoReplicator onDemand update allowed rate per min is 4
2025-09-25 14:46:20 [main] INFO  c.netflix.discovery.DiscoveryClient - Discovery Client initialized at timestamp 1758791780713 with initial instances count: 5
2025-09-25 14:46:20 [main] INFO  o.s.c.n.e.s.EurekaServiceRegistry - Registering application PAYMENT-SERVICE with eureka with status UP
2025-09-25 14:46:20 [main] INFO  c.netflix.discovery.DiscoveryClient - Saw local status change event StatusChangeEvent [timestamp=1758791780719, current=UP, previous=STARTING]
2025-09-25 14:46:20 [DiscoveryClient-InstanceInfoReplicator-%d] INFO  c.netflix.discovery.DiscoveryClient - DiscoveryClient_PAYMENT-SERVICE/GT0126:payment-service:9005: registering service...
2025-09-25 14:46:20 [DiscoveryClient-InstanceInfoReplicator-%d] DEBUG o.s.web.client.RestTemplate - HTTP POST http://localhost:8761/eureka/apps/PAYMENT-SERVICE
2025-09-25 14:46:20 [DiscoveryClient-InstanceInfoReplicator-%d] DEBUG o.s.web.client.RestTemplate - Accept=[application/json, application/*+json]
2025-09-25 14:46:20 [DiscoveryClient-InstanceInfoReplicator-%d] DEBUG o.s.web.client.RestTemplate - Writing [InstanceInfo [instanceId = GT0126:payment-service:9005, appName = PAYMENT-SERVICE, hostName = GT0126, status = UP, ipAddr = 172.16.2.155, port = 9005, securePort = 443, dataCenterInfo = com.netflix.appinfo.MyDataCenterInfo@37d05d32] as "application/json"
2025-09-25 14:46:20 [main] INFO  o.s.b.w.e.tomcat.TomcatWebServer - Tomcat started on port 9005 (http) with context path '/'
2025-09-25 14:46:20 [main] INFO  o.s.c.n.e.s.EurekaAutoServiceRegistration - Updating port to 9005
2025-09-25 14:46:20 [DiscoveryClient-InstanceInfoReplicator-%d] DEBUG o.s.web.client.RestTemplate - Response 204 NO_CONTENT
2025-09-25 14:46:20 [DiscoveryClient-InstanceInfoReplicator-%d] INFO  c.netflix.discovery.DiscoveryClient - DiscoveryClient_PAYMENT-SERVICE/GT0126:payment-service:9005 - registration status: 204
2025-09-25 14:46:20 [main] INFO  c.h.p.PaymentServiceApplication - Started PaymentServiceApplication in 20.201 seconds (process running for 22.055)
2025-09-25 14:46:50 [DiscoveryClient-CacheRefreshExecutor-%d] DEBUG o.s.web.client.RestTemplate - HTTP GET http://localhost:8761/eureka/apps/delta
2025-09-25 14:46:50 [DiscoveryClient-CacheRefreshExecutor-%d] DEBUG o.s.web.client.RestTemplate - Accept=[application/json, application/*+json]
2025-09-25 14:46:50 [DiscoveryClient-HeartbeatExecutor-%d] DEBUG o.s.web.client.RestTemplate - HTTP PUT http://localhost:8761/eureka/apps/PAYMENT-SERVICE/GT0126:payment-service:9005?status=UP&lastDirtyTimestamp=1758791780719
2025-09-25 14:46:50 [DiscoveryClient-HeartbeatExecutor-%d] DEBUG o.s.web.client.RestTemplate - Accept=[application/json, application/*+json]
2025-09-25 14:46:50 [DiscoveryClient-CacheRefreshExecutor-%d] DEBUG o.s.web.client.RestTemplate - Response 200 OK
2025-09-25 14:46:50 [DiscoveryClient-CacheRefreshExecutor-%d] DEBUG o.s.web.client.RestTemplate - Reading to [org.springframework.cloud.netflix.eureka.http.EurekaApplications]
2025-09-25 14:46:50 [DiscoveryClient-HeartbeatExecutor-%d] DEBUG o.s.web.client.RestTemplate - Response 200 OK
2025-09-25 14:47:19 [http-nio-9005-exec-2] INFO  o.a.c.c.C.[Tomcat].[localhost].[/] - Initializing Spring DispatcherServlet 'dispatcherServlet'
2025-09-25 14:47:19 [http-nio-9005-exec-2] INFO  o.s.web.servlet.DispatcherServlet - Initializing Servlet 'dispatcherServlet'
2025-09-25 14:47:19 [http-nio-9005-exec-2] DEBUG o.s.web.servlet.DispatcherServlet - Detected StandardServletMultipartResolver
2025-09-25 14:47:19 [http-nio-9005-exec-2] DEBUG o.s.web.servlet.DispatcherServlet - Detected AcceptHeaderLocaleResolver
2025-09-25 14:47:19 [http-nio-9005-exec-2] DEBUG o.s.web.servlet.DispatcherServlet - Detected FixedThemeResolver
2025-09-25 14:47:19 [http-nio-9005-exec-2] DEBUG o.s.web.servlet.DispatcherServlet - Detected org.springframework.web.servlet.view.DefaultRequestToViewNameTranslator@4a92652b
2025-09-25 14:47:19 [http-nio-9005-exec-2] DEBUG o.s.web.servlet.DispatcherServlet - Detected org.springframework.web.servlet.support.SessionFlashMapManager@35ee7dc8
2025-09-25 14:47:19 [http-nio-9005-exec-2] DEBUG o.s.web.servlet.DispatcherServlet - enableLoggingRequestDetails='false': request parameters and headers will be masked to prevent unsafe logging of potentially sensitive data
2025-09-25 14:47:19 [http-nio-9005-exec-2] INFO  o.s.web.servlet.DispatcherServlet - Completed initialization in 3 ms
2025-09-25 14:47:19 [http-nio-9005-exec-2] DEBUG o.s.web.servlet.DispatcherServlet - POST "/api/v2/payment/create", parameters={}
2025-09-25 14:47:19 [http-nio-9005-exec-2] DEBUG o.s.w.s.m.m.a.RequestMappingHandlerMapping - Mapped to com.hotel.payment_service.controller.PaymentController#createPayment(PaymentRequestDto)
2025-09-25 14:47:19 [http-nio-9005-exec-2] DEBUG o.s.o.j.s.OpenEntityManagerInViewInterceptor - Opening JPA EntityManager in OpenEntityManagerInViewInterceptor
2025-09-25 14:47:19 [http-nio-9005-exec-2] DEBUG o.s.w.s.m.m.a.RequestResponseBodyMethodProcessor - Read "application/json;charset=UTF-8" to [PaymentRequestDto(bookingId=1, userId=1, hotelId=1, amount=150.00, currency=USD, paymentMethod=CREDI (truncated)...]
2025-09-25 14:47:19 [http-nio-9005-exec-2] INFO  c.h.p.controller.PaymentController - Creating payment for booking ID: 1
2025-09-25 14:47:19 [http-nio-9005-exec-2] DEBUG o.s.orm.jpa.JpaTransactionManager - Found thread-bound EntityManager [SessionImpl(1469004818<open>)] for JPA transaction
2025-09-25 14:47:19 [http-nio-9005-exec-2] DEBUG o.s.orm.jpa.JpaTransactionManager - Creating new transaction with name [com.hotel.payment_service.serviceImpl.PaymentServiceImpl.createPayment]: PROPAGATION_REQUIRED,ISOLATION_DEFAULT
2025-09-25 14:47:19 [http-nio-9005-exec-2] DEBUG o.s.orm.jpa.JpaTransactionManager - Exposing JPA transaction as JDBC [org.springframework.orm.jpa.vendor.HibernateJpaDialect$HibernateConnectionHandle@747562f2]
2025-09-25 14:47:19 [http-nio-9005-exec-2] INFO  c.h.p.serviceImpl.PaymentServiceImpl - Creating payment for booking ID: 1
2025-09-25 14:47:19 [http-nio-9005-exec-2] DEBUG org.hibernate.SQL - 
    /* dynamic native SQL query */ SELECT
        COUNT(*) 
    FROM
        public.hotels ht 
    WHERE
        ht.id = ?
2025-09-25 14:47:19 [http-nio-9005-exec-2] DEBUG o.s.orm.jpa.JpaTransactionManager - Found thread-bound EntityManager [SessionImpl(1469004818<open>)] for JPA transaction
2025-09-25 14:47:19 [http-nio-9005-exec-2] DEBUG o.s.orm.jpa.JpaTransactionManager - Participating in existing transaction
2025-09-25 14:47:20 [http-nio-9005-exec-2] DEBUG org.hibernate.SQL - 
    /* insert for
        com.hotel.payment_service.model.Payment */insert 
    into
        payments (amount, booking_id, card_brand, card_last_four, created_at, currency, expires_at, failure_reason, gateway_name, gateway_response, gateway_transaction_id, hotel_id, ip_address, metadata, payment_method, payment_reference, processed_at, refund_amount, refund_reason, refund_reference, refunded_at, status, transaction_type, updated_at, user_agent, user_id) 
    values
        (?, ?, ?, ?, ?, ?, ?, ?, ?, ?, ?, ?, ?, ?, ?, ?, ?, ?, ?, ?, ?, ?, ?, ?, ?, ?)
2025-09-25 14:47:20 [http-nio-9005-exec-2] INFO  c.h.p.serviceImpl.PaymentServiceImpl - Payment created successfully with ID: 9
2025-09-25 14:47:20 [http-nio-9005-exec-2] INFO  c.h.p.serviceImpl.PaymentServiceImpl - Payment creation notification sent successfully
2025-09-25 14:47:20 [http-nio-9005-exec-2] DEBUG o.s.orm.jpa.JpaTransactionManager - Initiating transaction commit
2025-09-25 14:47:20 [http-nio-9005-exec-2] DEBUG o.s.orm.jpa.JpaTransactionManager - Committing JPA transaction on EntityManager [SessionImpl(1469004818<open>)]
2025-09-25 14:47:20 [http-nio-9005-exec-2] DEBUG o.s.orm.jpa.JpaTransactionManager - Not closing pre-bound JPA EntityManager after transaction
2025-09-25 14:47:20 [http-nio-9005-exec-2] DEBUG o.s.w.s.m.m.a.HttpEntityMethodProcessor - Using 'application/json', given [*/*] and supported [application/json, application/*+json]
2025-09-25 14:47:20 [DiscoveryClient-HeartbeatExecutor-%d] DEBUG o.s.web.client.RestTemplate - HTTP PUT http://localhost:8761/eureka/apps/PAYMENT-SERVICE/GT0126:payment-service:9005?status=UP&lastDirtyTimestamp=1758791780719
2025-09-25 14:47:20 [DiscoveryClient-CacheRefreshExecutor-%d] DEBUG o.s.web.client.RestTemplate - HTTP GET http://localhost:8761/eureka/apps/delta
2025-09-25 14:47:20 [DiscoveryClient-HeartbeatExecutor-%d] DEBUG o.s.web.client.RestTemplate - Accept=[application/json, application/*+json]
2025-09-25 14:47:20 [DiscoveryClient-CacheRefreshExecutor-%d] DEBUG o.s.web.client.RestTemplate - Accept=[application/json, application/*+json]
2025-09-25 14:47:20 [http-nio-9005-exec-2] DEBUG o.s.w.s.m.m.a.HttpEntityMethodProcessor - Writing [PaymentResponseDto(id=9, paymentReference=PAY_1758791839743_0B2882EE, bookingId=1, userId=1, hotelId (truncated)...]
2025-09-25 14:47:20 [DiscoveryClient-CacheRefreshExecutor-%d] DEBUG o.s.web.client.RestTemplate - Response 200 OK
2025-09-25 14:47:20 [DiscoveryClient-HeartbeatExecutor-%d] DEBUG o.s.web.client.RestTemplate - Response 200 OK
2025-09-25 14:47:20 [DiscoveryClient-CacheRefreshExecutor-%d] DEBUG o.s.web.client.RestTemplate - Reading to [org.springframework.cloud.netflix.eureka.http.EurekaApplications]
2025-09-25 14:47:20 [http-nio-9005-exec-2] DEBUG o.s.o.j.s.OpenEntityManagerInViewInterceptor - Closing JPA EntityManager in OpenEntityManagerInViewInterceptor
2025-09-25 14:47:20 [http-nio-9005-exec-2] DEBUG o.s.web.servlet.DispatcherServlet - Completed 201 CREATED
2025-09-25 14:47:50 [DiscoveryClient-HeartbeatExecutor-%d] DEBUG o.s.web.client.RestTemplate - HTTP PUT http://localhost:8761/eureka/apps/PAYMENT-SERVICE/GT0126:payment-service:9005?status=UP&lastDirtyTimestamp=1758791780719
2025-09-25 14:47:50 [DiscoveryClient-HeartbeatExecutor-%d] DEBUG o.s.web.client.RestTemplate - Accept=[application/json, application/*+json]
2025-09-25 14:47:50 [DiscoveryClient-CacheRefreshExecutor-%d] DEBUG o.s.web.client.RestTemplate - HTTP GET http://localhost:8761/eureka/apps/delta
2025-09-25 14:47:50 [DiscoveryClient-CacheRefreshExecutor-%d] DEBUG o.s.web.client.RestTemplate - Accept=[application/json, application/*+json]
2025-09-25 14:47:50 [DiscoveryClient-HeartbeatExecutor-%d] DEBUG o.s.web.client.RestTemplate - Response 200 OK
2025-09-25 14:47:50 [DiscoveryClient-CacheRefreshExecutor-%d] DEBUG o.s.web.client.RestTemplate - Response 200 OK
2025-09-25 14:47:50 [DiscoveryClient-CacheRefreshExecutor-%d] DEBUG o.s.web.client.RestTemplate - Reading to [org.springframework.cloud.netflix.eureka.http.EurekaApplications]
2025-09-25 14:48:20 [DiscoveryClient-HeartbeatExecutor-%d] DEBUG o.s.web.client.RestTemplate - HTTP PUT http://localhost:8761/eureka/apps/PAYMENT-SERVICE/GT0126:payment-service:9005?status=UP&lastDirtyTimestamp=1758791780719
2025-09-25 14:48:20 [DiscoveryClient-CacheRefreshExecutor-%d] DEBUG o.s.web.client.RestTemplate - HTTP GET http://localhost:8761/eureka/apps/delta
2025-09-25 14:48:20 [DiscoveryClient-HeartbeatExecutor-%d] DEBUG o.s.web.client.RestTemplate - Accept=[application/json, application/*+json]
2025-09-25 14:48:20 [DiscoveryClient-CacheRefreshExecutor-%d] DEBUG o.s.web.client.RestTemplate - Accept=[application/json, application/*+json]
2025-09-25 14:48:20 [DiscoveryClient-HeartbeatExecutor-%d] DEBUG o.s.web.client.RestTemplate - Response 200 OK
2025-09-25 14:48:20 [DiscoveryClient-CacheRefreshExecutor-%d] DEBUG o.s.web.client.RestTemplate - Response 200 OK
2025-09-25 14:48:20 [DiscoveryClient-CacheRefreshExecutor-%d] DEBUG o.s.web.client.RestTemplate - Reading to [org.springframework.cloud.netflix.eureka.http.EurekaApplications]
2025-09-25 14:48:50 [DiscoveryClient-CacheRefreshExecutor-%d] DEBUG o.s.web.client.RestTemplate - HTTP GET http://localhost:8761/eureka/apps/delta
2025-09-25 14:48:50 [DiscoveryClient-HeartbeatExecutor-%d] DEBUG o.s.web.client.RestTemplate - HTTP PUT http://localhost:8761/eureka/apps/PAYMENT-SERVICE/GT0126:payment-service:9005?status=UP&lastDirtyTimestamp=1758791780719
2025-09-25 14:48:50 [DiscoveryClient-HeartbeatExecutor-%d] DEBUG o.s.web.client.RestTemplate - Accept=[application/json, application/*+json]
2025-09-25 14:48:50 [DiscoveryClient-CacheRefreshExecutor-%d] DEBUG o.s.web.client.RestTemplate - Accept=[application/json, application/*+json]
2025-09-25 14:48:50 [DiscoveryClient-HeartbeatExecutor-%d] DEBUG o.s.web.client.RestTemplate - Response 200 OK
2025-09-25 14:48:50 [DiscoveryClient-CacheRefreshExecutor-%d] DEBUG o.s.web.client.RestTemplate - Response 200 OK
2025-09-25 14:48:50 [DiscoveryClient-CacheRefreshExecutor-%d] DEBUG o.s.web.client.RestTemplate - Reading to [org.springframework.cloud.netflix.eureka.http.EurekaApplications]
2025-09-25 14:49:20 [DiscoveryClient-HeartbeatExecutor-%d] DEBUG o.s.web.client.RestTemplate - HTTP PUT http://localhost:8761/eureka/apps/PAYMENT-SERVICE/GT0126:payment-service:9005?status=UP&lastDirtyTimestamp=1758791780719
2025-09-25 14:49:20 [DiscoveryClient-CacheRefreshExecutor-%d] DEBUG o.s.web.client.RestTemplate - HTTP GET http://localhost:8761/eureka/apps/delta
2025-09-25 14:49:20 [DiscoveryClient-CacheRefreshExecutor-%d] DEBUG o.s.web.client.RestTemplate - Accept=[application/json, application/*+json]
2025-09-25 14:49:20 [DiscoveryClient-HeartbeatExecutor-%d] DEBUG o.s.web.client.RestTemplate - Accept=[application/json, application/*+json]
2025-09-25 14:49:20 [DiscoveryClient-CacheRefreshExecutor-%d] DEBUG o.s.web.client.RestTemplate - Response 200 OK
2025-09-25 14:49:20 [DiscoveryClient-CacheRefreshExecutor-%d] DEBUG o.s.web.client.RestTemplate - Reading to [org.springframework.cloud.netflix.eureka.http.EurekaApplications]
2025-09-25 14:49:20 [DiscoveryClient-HeartbeatExecutor-%d] DEBUG o.s.web.client.RestTemplate - Response 200 OK
2025-09-25 14:49:50 [DiscoveryClient-CacheRefreshExecutor-%d] DEBUG o.s.web.client.RestTemplate - HTTP GET http://localhost:8761/eureka/apps/delta
2025-09-25 14:49:50 [DiscoveryClient-HeartbeatExecutor-%d] DEBUG o.s.web.client.RestTemplate - HTTP PUT http://localhost:8761/eureka/apps/PAYMENT-SERVICE/GT0126:payment-service:9005?status=UP&lastDirtyTimestamp=1758791780719
2025-09-25 14:49:50 [DiscoveryClient-HeartbeatExecutor-%d] DEBUG o.s.web.client.RestTemplate - Accept=[application/json, application/*+json]
2025-09-25 14:49:50 [DiscoveryClient-CacheRefreshExecutor-%d] DEBUG o.s.web.client.RestTemplate - Accept=[application/json, application/*+json]
2025-09-25 14:49:50 [DiscoveryClient-HeartbeatExecutor-%d] DEBUG o.s.web.client.RestTemplate - Response 200 OK
2025-09-25 14:49:50 [DiscoveryClient-CacheRefreshExecutor-%d] DEBUG o.s.web.client.RestTemplate - Response 200 OK
2025-09-25 14:49:50 [DiscoveryClient-CacheRefreshExecutor-%d] DEBUG o.s.web.client.RestTemplate - Reading to [org.springframework.cloud.netflix.eureka.http.EurekaApplications]
2025-09-25 14:50:20 [DiscoveryClient-CacheRefreshExecutor-%d] DEBUG o.s.web.client.RestTemplate - HTTP GET http://localhost:8761/eureka/apps/delta
2025-09-25 14:50:20 [DiscoveryClient-HeartbeatExecutor-%d] DEBUG o.s.web.client.RestTemplate - HTTP PUT http://localhost:8761/eureka/apps/PAYMENT-SERVICE/GT0126:payment-service:9005?status=UP&lastDirtyTimestamp=1758791780719
2025-09-25 14:50:20 [DiscoveryClient-CacheRefreshExecutor-%d] DEBUG o.s.web.client.RestTemplate - Accept=[application/json, application/*+json]
2025-09-25 14:50:20 [DiscoveryClient-HeartbeatExecutor-%d] DEBUG o.s.web.client.RestTemplate - Accept=[application/json, application/*+json]
2025-09-25 14:50:20 [DiscoveryClient-HeartbeatExecutor-%d] DEBUG o.s.web.client.RestTemplate - Response 200 OK
2025-09-25 14:50:20 [DiscoveryClient-CacheRefreshExecutor-%d] DEBUG o.s.web.client.RestTemplate - Response 200 OK
2025-09-25 14:50:20 [DiscoveryClient-CacheRefreshExecutor-%d] DEBUG o.s.web.client.RestTemplate - Reading to [org.springframework.cloud.netflix.eureka.http.EurekaApplications]
2025-09-25 14:50:50 [DiscoveryClient-HeartbeatExecutor-%d] DEBUG o.s.web.client.RestTemplate - HTTP PUT http://localhost:8761/eureka/apps/PAYMENT-SERVICE/GT0126:payment-service:9005?status=UP&lastDirtyTimestamp=1758791780719
2025-09-25 14:50:50 [DiscoveryClient-HeartbeatExecutor-%d] DEBUG o.s.web.client.RestTemplate - Accept=[application/json, application/*+json]
2025-09-25 14:50:50 [DiscoveryClient-CacheRefreshExecutor-%d] DEBUG o.s.web.client.RestTemplate - HTTP GET http://localhost:8761/eureka/apps/delta
2025-09-25 14:50:50 [DiscoveryClient-CacheRefreshExecutor-%d] DEBUG o.s.web.client.RestTemplate - Accept=[application/json, application/*+json]
2025-09-25 14:50:51 [DiscoveryClient-HeartbeatExecutor-%d] DEBUG o.s.web.client.RestTemplate - Response 200 OK
2025-09-25 14:50:51 [DiscoveryClient-CacheRefreshExecutor-%d] DEBUG o.s.web.client.RestTemplate - Response 200 OK
2025-09-25 14:50:51 [DiscoveryClient-CacheRefreshExecutor-%d] DEBUG o.s.web.client.RestTemplate - Reading to [org.springframework.cloud.netflix.eureka.http.EurekaApplications]
2025-09-25 14:51:20 [AsyncResolver-bootstrap-executor-%d] INFO  c.n.d.s.r.aws.ConfigClusterResolver - Resolving eureka endpoints via configuration
2025-09-25 14:51:21 [DiscoveryClient-HeartbeatExecutor-%d] DEBUG o.s.web.client.RestTemplate - HTTP PUT http://localhost:8761/eureka/apps/PAYMENT-SERVICE/GT0126:payment-service:9005?status=UP&lastDirtyTimestamp=1758791780719
2025-09-25 14:51:21 [DiscoveryClient-HeartbeatExecutor-%d] DEBUG o.s.web.client.RestTemplate - Accept=[application/json, application/*+json]
2025-09-25 14:51:21 [DiscoveryClient-HeartbeatExecutor-%d] DEBUG o.s.web.client.RestTemplate - Response 200 OK
2025-09-25 14:51:21 [DiscoveryClient-CacheRefreshExecutor-%d] DEBUG o.s.web.client.RestTemplate - HTTP GET http://localhost:8761/eureka/apps/delta
2025-09-25 14:51:21 [DiscoveryClient-CacheRefreshExecutor-%d] DEBUG o.s.web.client.RestTemplate - Accept=[application/json, application/*+json]
2025-09-25 14:51:21 [DiscoveryClient-CacheRefreshExecutor-%d] DEBUG o.s.web.client.RestTemplate - Response 200 OK
2025-09-25 14:51:21 [DiscoveryClient-CacheRefreshExecutor-%d] DEBUG o.s.web.client.RestTemplate - Reading to [org.springframework.cloud.netflix.eureka.http.EurekaApplications]
2025-09-25 14:51:51 [DiscoveryClient-HeartbeatExecutor-%d] DEBUG o.s.web.client.RestTemplate - HTTP PUT http://localhost:8761/eureka/apps/PAYMENT-SERVICE/GT0126:payment-service:9005?status=UP&lastDirtyTimestamp=1758791780719
2025-09-25 14:51:51 [DiscoveryClient-HeartbeatExecutor-%d] DEBUG o.s.web.client.RestTemplate - Accept=[application/json, application/*+json]
2025-09-25 14:51:51 [DiscoveryClient-HeartbeatExecutor-%d] DEBUG o.s.web.client.RestTemplate - Response 200 OK
2025-09-25 14:51:51 [DiscoveryClient-CacheRefreshExecutor-%d] DEBUG o.s.web.client.RestTemplate - HTTP GET http://localhost:8761/eureka/apps/delta
2025-09-25 14:51:51 [DiscoveryClient-CacheRefreshExecutor-%d] DEBUG o.s.web.client.RestTemplate - Accept=[application/json, application/*+json]
2025-09-25 14:51:51 [DiscoveryClient-CacheRefreshExecutor-%d] DEBUG o.s.web.client.RestTemplate - Response 200 OK
2025-09-25 14:51:51 [DiscoveryClient-CacheRefreshExecutor-%d] DEBUG o.s.web.client.RestTemplate - Reading to [org.springframework.cloud.netflix.eureka.http.EurekaApplications]
2025-09-25 14:52:21 [DiscoveryClient-HeartbeatExecutor-%d] DEBUG o.s.web.client.RestTemplate - HTTP PUT http://localhost:8761/eureka/apps/PAYMENT-SERVICE/GT0126:payment-service:9005?status=UP&lastDirtyTimestamp=1758791780719
2025-09-25 14:52:21 [DiscoveryClient-HeartbeatExecutor-%d] DEBUG o.s.web.client.RestTemplate - Accept=[application/json, application/*+json]
2025-09-25 14:52:21 [DiscoveryClient-HeartbeatExecutor-%d] DEBUG o.s.web.client.RestTemplate - Response 200 OK
2025-09-25 14:52:21 [DiscoveryClient-CacheRefreshExecutor-%d] DEBUG o.s.web.client.RestTemplate - HTTP GET http://localhost:8761/eureka/apps/delta
2025-09-25 14:52:21 [DiscoveryClient-CacheRefreshExecutor-%d] DEBUG o.s.web.client.RestTemplate - Accept=[application/json, application/*+json]
2025-09-25 14:52:21 [DiscoveryClient-CacheRefreshExecutor-%d] DEBUG o.s.web.client.RestTemplate - Response 200 OK
2025-09-25 14:52:21 [DiscoveryClient-CacheRefreshExecutor-%d] DEBUG o.s.web.client.RestTemplate - Reading to [org.springframework.cloud.netflix.eureka.http.EurekaApplications]
2025-09-25 14:52:51 [DiscoveryClient-HeartbeatExecutor-%d] DEBUG o.s.web.client.RestTemplate - HTTP PUT http://localhost:8761/eureka/apps/PAYMENT-SERVICE/GT0126:payment-service:9005?status=UP&lastDirtyTimestamp=1758791780719
2025-09-25 14:52:51 [DiscoveryClient-HeartbeatExecutor-%d] DEBUG o.s.web.client.RestTemplate - Accept=[application/json, application/*+json]
2025-09-25 14:52:51 [DiscoveryClient-HeartbeatExecutor-%d] DEBUG o.s.web.client.RestTemplate - Response 200 OK
2025-09-25 14:52:51 [DiscoveryClient-CacheRefreshExecutor-%d] DEBUG o.s.web.client.RestTemplate - HTTP GET http://localhost:8761/eureka/apps/delta
2025-09-25 14:52:51 [DiscoveryClient-CacheRefreshExecutor-%d] DEBUG o.s.web.client.RestTemplate - Accept=[application/json, application/*+json]
2025-09-25 14:52:51 [DiscoveryClient-CacheRefreshExecutor-%d] DEBUG o.s.web.client.RestTemplate - Response 200 OK
2025-09-25 14:52:51 [DiscoveryClient-CacheRefreshExecutor-%d] DEBUG o.s.web.client.RestTemplate - Reading to [org.springframework.cloud.netflix.eureka.http.EurekaApplications]
2025-09-25 14:53:21 [DiscoveryClient-HeartbeatExecutor-%d] DEBUG o.s.web.client.RestTemplate - HTTP PUT http://localhost:8761/eureka/apps/PAYMENT-SERVICE/GT0126:payment-service:9005?status=UP&lastDirtyTimestamp=1758791780719
2025-09-25 14:53:21 [DiscoveryClient-HeartbeatExecutor-%d] DEBUG o.s.web.client.RestTemplate - Accept=[application/json, application/*+json]
2025-09-25 14:53:21 [DiscoveryClient-HeartbeatExecutor-%d] DEBUG o.s.web.client.RestTemplate - Response 200 OK
2025-09-25 14:53:21 [DiscoveryClient-CacheRefreshExecutor-%d] DEBUG o.s.web.client.RestTemplate - HTTP GET http://localhost:8761/eureka/apps/delta
2025-09-25 14:53:21 [DiscoveryClient-CacheRefreshExecutor-%d] DEBUG o.s.web.client.RestTemplate - Accept=[application/json, application/*+json]
2025-09-25 14:53:21 [DiscoveryClient-CacheRefreshExecutor-%d] DEBUG o.s.web.client.RestTemplate - Response 200 OK
2025-09-25 14:53:21 [DiscoveryClient-CacheRefreshExecutor-%d] DEBUG o.s.web.client.RestTemplate - Reading to [org.springframework.cloud.netflix.eureka.http.EurekaApplications]
2025-09-25 14:53:51 [DiscoveryClient-HeartbeatExecutor-%d] DEBUG o.s.web.client.RestTemplate - HTTP PUT http://localhost:8761/eureka/apps/PAYMENT-SERVICE/GT0126:payment-service:9005?status=UP&lastDirtyTimestamp=1758791780719
2025-09-25 14:53:51 [DiscoveryClient-HeartbeatExecutor-%d] DEBUG o.s.web.client.RestTemplate - Accept=[application/json, application/*+json]
2025-09-25 14:53:51 [DiscoveryClient-CacheRefreshExecutor-%d] DEBUG o.s.web.client.RestTemplate - HTTP GET http://localhost:8761/eureka/apps/delta
2025-09-25 14:53:51 [DiscoveryClient-CacheRefreshExecutor-%d] DEBUG o.s.web.client.RestTemplate - Accept=[application/json, application/*+json]
2025-09-25 14:53:51 [DiscoveryClient-HeartbeatExecutor-%d] DEBUG o.s.web.client.RestTemplate - Response 200 OK
2025-09-25 14:53:51 [DiscoveryClient-CacheRefreshExecutor-%d] DEBUG o.s.web.client.RestTemplate - Response 200 OK
2025-09-25 14:53:51 [DiscoveryClient-CacheRefreshExecutor-%d] DEBUG o.s.web.client.RestTemplate - Reading to [org.springframework.cloud.netflix.eureka.http.EurekaApplications]
2025-09-25 14:54:21 [DiscoveryClient-CacheRefreshExecutor-%d] DEBUG o.s.web.client.RestTemplate - HTTP GET http://localhost:8761/eureka/apps/delta
2025-09-25 14:54:21 [DiscoveryClient-HeartbeatExecutor-%d] DEBUG o.s.web.client.RestTemplate - HTTP PUT http://localhost:8761/eureka/apps/PAYMENT-SERVICE/GT0126:payment-service:9005?status=UP&lastDirtyTimestamp=1758791780719
2025-09-25 14:54:21 [DiscoveryClient-CacheRefreshExecutor-%d] DEBUG o.s.web.client.RestTemplate - Accept=[application/json, application/*+json]
2025-09-25 14:54:21 [DiscoveryClient-HeartbeatExecutor-%d] DEBUG o.s.web.client.RestTemplate - Accept=[application/json, application/*+json]
2025-09-25 14:54:21 [DiscoveryClient-HeartbeatExecutor-%d] DEBUG o.s.web.client.RestTemplate - Response 200 OK
2025-09-25 14:54:21 [DiscoveryClient-CacheRefreshExecutor-%d] DEBUG o.s.web.client.RestTemplate - Response 200 OK
2025-09-25 14:54:21 [DiscoveryClient-CacheRefreshExecutor-%d] DEBUG o.s.web.client.RestTemplate - Reading to [org.springframework.cloud.netflix.eureka.http.EurekaApplications]
2025-09-25 14:54:51 [DiscoveryClient-HeartbeatExecutor-%d] DEBUG o.s.web.client.RestTemplate - HTTP PUT http://localhost:8761/eureka/apps/PAYMENT-SERVICE/GT0126:payment-service:9005?status=UP&lastDirtyTimestamp=1758791780719
2025-09-25 14:54:51 [DiscoveryClient-HeartbeatExecutor-%d] DEBUG o.s.web.client.RestTemplate - Accept=[application/json, application/*+json]
2025-09-25 14:54:51 [DiscoveryClient-CacheRefreshExecutor-%d] DEBUG o.s.web.client.RestTemplate - HTTP GET http://localhost:8761/eureka/apps/delta
2025-09-25 14:54:51 [DiscoveryClient-CacheRefreshExecutor-%d] DEBUG o.s.web.client.RestTemplate - Accept=[application/json, application/*+json]
2025-09-25 14:54:51 [DiscoveryClient-HeartbeatExecutor-%d] DEBUG o.s.web.client.RestTemplate - Response 200 OK
2025-09-25 14:54:51 [DiscoveryClient-CacheRefreshExecutor-%d] DEBUG o.s.web.client.RestTemplate - Response 200 OK
2025-09-25 14:54:51 [DiscoveryClient-CacheRefreshExecutor-%d] DEBUG o.s.web.client.RestTemplate - Reading to [org.springframework.cloud.netflix.eureka.http.EurekaApplications]
2025-09-25 14:55:21 [DiscoveryClient-CacheRefreshExecutor-%d] DEBUG o.s.web.client.RestTemplate - HTTP GET http://localhost:8761/eureka/apps/delta
2025-09-25 14:55:21 [DiscoveryClient-HeartbeatExecutor-%d] DEBUG o.s.web.client.RestTemplate - HTTP PUT http://localhost:8761/eureka/apps/PAYMENT-SERVICE/GT0126:payment-service:9005?status=UP&lastDirtyTimestamp=1758791780719
2025-09-25 14:55:21 [DiscoveryClient-CacheRefreshExecutor-%d] DEBUG o.s.web.client.RestTemplate - Accept=[application/json, application/*+json]
2025-09-25 14:55:21 [DiscoveryClient-HeartbeatExecutor-%d] DEBUG o.s.web.client.RestTemplate - Accept=[application/json, application/*+json]
2025-09-25 14:55:21 [DiscoveryClient-CacheRefreshExecutor-%d] DEBUG o.s.web.client.RestTemplate - Response 200 OK
2025-09-25 14:55:21 [DiscoveryClient-HeartbeatExecutor-%d] DEBUG o.s.web.client.RestTemplate - Response 200 OK
2025-09-25 14:55:21 [DiscoveryClient-CacheRefreshExecutor-%d] DEBUG o.s.web.client.RestTemplate - Reading to [org.springframework.cloud.netflix.eureka.http.EurekaApplications]
2025-09-25 14:55:51 [DiscoveryClient-HeartbeatExecutor-%d] DEBUG o.s.web.client.RestTemplate - HTTP PUT http://localhost:8761/eureka/apps/PAYMENT-SERVICE/GT0126:payment-service:9005?status=UP&lastDirtyTimestamp=1758791780719
2025-09-25 14:55:51 [DiscoveryClient-CacheRefreshExecutor-%d] DEBUG o.s.web.client.RestTemplate - HTTP GET http://localhost:8761/eureka/apps/delta
2025-09-25 14:55:51 [DiscoveryClient-HeartbeatExecutor-%d] DEBUG o.s.web.client.RestTemplate - Accept=[application/json, application/*+json]
2025-09-25 14:55:51 [DiscoveryClient-CacheRefreshExecutor-%d] DEBUG o.s.web.client.RestTemplate - Accept=[application/json, application/*+json]
2025-09-25 14:55:51 [DiscoveryClient-HeartbeatExecutor-%d] DEBUG o.s.web.client.RestTemplate - Response 200 OK
2025-09-25 14:55:51 [DiscoveryClient-CacheRefreshExecutor-%d] DEBUG o.s.web.client.RestTemplate - Response 200 OK
2025-09-25 14:55:51 [DiscoveryClient-CacheRefreshExecutor-%d] DEBUG o.s.web.client.RestTemplate - Reading to [org.springframework.cloud.netflix.eureka.http.EurekaApplications]
2025-09-25 14:56:20 [AsyncResolver-bootstrap-executor-%d] INFO  c.n.d.s.r.aws.ConfigClusterResolver - Resolving eureka endpoints via configuration
2025-09-25 14:56:21 [DiscoveryClient-CacheRefreshExecutor-%d] DEBUG o.s.web.client.RestTemplate - HTTP GET http://localhost:8761/eureka/apps/delta
2025-09-25 14:56:21 [DiscoveryClient-HeartbeatExecutor-%d] DEBUG o.s.web.client.RestTemplate - HTTP PUT http://localhost:8761/eureka/apps/PAYMENT-SERVICE/GT0126:payment-service:9005?status=UP&lastDirtyTimestamp=1758791780719
2025-09-25 14:56:21 [DiscoveryClient-HeartbeatExecutor-%d] DEBUG o.s.web.client.RestTemplate - Accept=[application/json, application/*+json]
2025-09-25 14:56:21 [DiscoveryClient-CacheRefreshExecutor-%d] DEBUG o.s.web.client.RestTemplate - Accept=[application/json, application/*+json]
2025-09-25 14:56:21 [DiscoveryClient-CacheRefreshExecutor-%d] DEBUG o.s.web.client.RestTemplate - Response 200 OK
2025-09-25 14:56:21 [DiscoveryClient-HeartbeatExecutor-%d] DEBUG o.s.web.client.RestTemplate - Response 200 OK
2025-09-25 14:56:21 [DiscoveryClient-CacheRefreshExecutor-%d] DEBUG o.s.web.client.RestTemplate - Reading to [org.springframework.cloud.netflix.eureka.http.EurekaApplications]
2025-09-25 14:56:51 [DiscoveryClient-CacheRefreshExecutor-%d] DEBUG o.s.web.client.RestTemplate - HTTP GET http://localhost:8761/eureka/apps/delta
2025-09-25 14:56:51 [DiscoveryClient-HeartbeatExecutor-%d] DEBUG o.s.web.client.RestTemplate - HTTP PUT http://localhost:8761/eureka/apps/PAYMENT-SERVICE/GT0126:payment-service:9005?status=UP&lastDirtyTimestamp=1758791780719
2025-09-25 14:56:51 [DiscoveryClient-CacheRefreshExecutor-%d] DEBUG o.s.web.client.RestTemplate - Accept=[application/json, application/*+json]
2025-09-25 14:56:51 [DiscoveryClient-HeartbeatExecutor-%d] DEBUG o.s.web.client.RestTemplate - Accept=[application/json, application/*+json]
2025-09-25 14:56:51 [DiscoveryClient-CacheRefreshExecutor-%d] DEBUG o.s.web.client.RestTemplate - Response 200 OK
2025-09-25 14:56:51 [DiscoveryClient-HeartbeatExecutor-%d] DEBUG o.s.web.client.RestTemplate - Response 200 OK
2025-09-25 14:56:51 [DiscoveryClient-CacheRefreshExecutor-%d] DEBUG o.s.web.client.RestTemplate - Reading to [org.springframework.cloud.netflix.eureka.http.EurekaApplications]
